AR protokolblok behavioral /home/vboxuser/Oscilloscope_Project/fpga/SPI_Test/ProtokolBlok.vhd sub00/vhpl03 1749119865
EN skifte_reg_til_parallel NULL C:/Users/s240324/Oscilloscope_Project/fpga/SPI_Test/Skifte_reg_til_Parallel.vhd sub00/vhpl00 1749133405
AR skifte_reg_til_parallel behavioral C:/Users/s240324/Oscilloscope_Project/fpga/SPI_Test/Skifte_reg_til_Parallel.vhd sub00/vhpl01 1749133406
EN protokolblok NULL /home/vboxuser/Oscilloscope_Project/fpga/SPI_Test/ProtokolBlok.vhd sub00/vhpl02 1749119864
