V3 22
FL /home/Andreas/Oscilloscope_Project/fpga/SPI_Test/ProtokolBlok.vhd 2025/06/10.09:37:18 P.15xf
FL /home/Andreas/Oscilloscope_Project/fpga/SPI_Test/Skifte_reg_til_Parallel.vhd 2025/06/04.16:07:28 P.15xf
FL /home/vboxuser/Oscilloscope_Project/fpga/SPI_Test/ProtokolBlok.vhd 2025/06/05.10:37:40 P.15xf
FL /home/vboxuser/Oscilloscope_Project/fpga/SPI_Test/Skifte_reg_til_Parallel.vhd 2025/06/05.11:49:49 P.15xf
FL C:/Users/s240324/Oscilloscope_Project/fpga/SPI_Test/ProtokolBlok.vhd 2025/06/10.16:20:54 P.15xf
EN work/ProtokolBlok 1749565258 \
      FL C:/Users/s240324/Oscilloscope_Project/fpga/SPI_Test/ProtokolBlok.vhd \
      PB ieee/std_logic_1164 1381692176
AR work/ProtokolBlok/Behavioral 1749565259 \
      FL C:/Users/s240324/Oscilloscope_Project/fpga/SPI_Test/ProtokolBlok.vhd \
      EN work/ProtokolBlok 1749565258 CP syncbyte CP Chk CP work/std_8bit_reg
FL C:/Users/s240324/Oscilloscope_Project/fpga/SPI_Test/SigGenSPIControl.vhd 2025/06/10.16:16:29 P.15xf
EN work/SigGenSPIControl 1749565264 \
      FL C:/Users/s240324/Oscilloscope_Project/fpga/SPI_Test/SigGenSPIControl.vhd \
      PB ieee/std_logic_1164 1381692176
AR work/SigGenSPIControl/Behavioral 1749565265 \
      FL C:/Users/s240324/Oscilloscope_Project/fpga/SPI_Test/SigGenSPIControl.vhd \
      EN work/SigGenSPIControl 1749565264 CP work/ProtokolBlok \
      CP work/Skifte_reg_til_Parallel CP work/TimingComponent
FL C:/Users/s240324/Oscilloscope_Project/fpga/SPI_Test/Skifte_reg_til_Parallel.vhd 2025/06/10.16:15:44 P.15xf
EN work/Skifte_reg_til_Parallel 1749565260 \
      FL C:/Users/s240324/Oscilloscope_Project/fpga/SPI_Test/Skifte_reg_til_Parallel.vhd \
      PB ieee/std_logic_1164 1381692176 PB ieee/STD_LOGIC_UNSIGNED 1335251625
AR work/Skifte_reg_til_Parallel/Behavioral 1749565261 \
      FL C:/Users/s240324/Oscilloscope_Project/fpga/SPI_Test/Skifte_reg_til_Parallel.vhd \
      EN work/Skifte_reg_til_Parallel 1749565260
FL C:/Users/s240324/Oscilloscope_Project/fpga/SPI_Test/TiminComponent.vhd 2025/06/10.15:40:43 P.15xf
EN work/TimingComponent 1749565262 \
      FL C:/Users/s240324/Oscilloscope_Project/fpga/SPI_Test/TiminComponent.vhd \
      PB ieee/std_logic_1164 1381692176
AR work/TimingComponent/Behavioral 1749565263 \
      FL C:/Users/s240324/Oscilloscope_Project/fpga/SPI_Test/TiminComponent.vhd \
      EN work/TimingComponent 1749565262
